<html>
<body>
<pre>
<h1>µVision Build Log</h1>
<h2>Tool Versions:</h2>
IDE-Version: ¦ÌVision V5.43.1.0
Copyright (C) 2025 ARM Ltd and ARM Germany GmbH. All rights reserved.
License Information: 1 2026, 1, LIC=WHYH9-4XN11-JJN6S-LR36G-VVYYA-0P1DA
 
Tool Versions:
Toolchain:       MDK-ARM Plus  Version: 5.43.0.0
Toolchain Path:  D:\keilMDK\ARM\ARMCC\Bin
C Compiler:      Armcc.exe V5.06 update 7 (build 960)
Assembler:       Armasm.exe V5.06 update 7 (build 960)
Linker/Locator:  ArmLink.exe V5.06 update 7 (build 960)
Library Manager: ArmAr.exe V5.06 update 7 (build 960)
Hex Converter:   FromElf.exe V5.06 update 7 (build 960)
CPU DLL:         SARMCM3.DLL V5.43.0.0
Dialog DLL:      DCM.DLL V1.17.5.0
Target DLL:      Segger\JL2CM3.dll V2.99.45.0
Dialog DLL:      TCM.DLL V1.56.6.0
 
<h2>Project:</h2>
D:\Nations.N32G430_Library.2.1.0\Nations.N32G430_Library.2.1.0\projects\n32g430_EVAL\examples\GPIO\IORemap\MDK-ARM\IORemap.uvprojx
Project File Date:  04/24/2026

<h2>Output:</h2>
*** Using Compiler 'V5.06 update 7 (build 960)', folder: 'D:\keilMDK\ARM\ARMCC\Bin'
Rebuild target 'N32G430'
assembling startup_n32g430.s...
compiling bsp_JTAG.c...
compiling n32g430_it.c...
compiling bsp_key.c...
compiling bsp_led.c...
compiling main.c...
compiling system_n32g430.c...
compiling n32g430_rcc.c...
compiling n32g430_gpio.c...
linking...
Program Size: Code=5590 RO-data=4938 RW-data=4 ZI-data=5380  
FromELF: creating hex file...
After Build - User command #1: fromelf --bin --output=.\bin\IORemap.bin .\Objects\IORemap.axf
".\Objects\IORemap.axf" - 0 Error(s), 0 Warning(s).

<h2>Software Packages used:</h2>

Package Vendor: Nationstech
                http://www.keil.com/pack/Nationstech.N32G430_DFP.1.3.0.pack
                Nationstech::N32G430_DFP@1.3.0
                Nationstech N32G430 Series Device Support, Drivers and Examples

<h2>Collection of Component include folders:</h2>
  D:/keilMDK/Package/Nations/N32G430_DFP/1.3.0/firmware/CMSIS/device

<h2>Collection of Component Files used:</h2>
Build Time Elapsed:  00:00:01
</pre>
</body>
</html>
