Component: ARM Compiler 5.06 update 7 (build 960) Tool: armlink [4d3601]

==============================================================================

Section Cross References

    startup_n32g430.o(RESET) refers to startup_n32g430.o(STACK) for __initial_sp
    startup_n32g430.o(RESET) refers to startup_n32g430.o(.text) for Reset_Handler
    startup_n32g430.o(RESET) refers to n32g430_it.o(.text) for NMI_Handler
    startup_n32g430.o(.text) refers to system_n32g430.o(.text) for System_Initializes
    startup_n32g430.o(.text) refers to entry.o(.ARM.Collect$$$$00000000) for __main
    system_n32g430.o(.text) refers to system_n32g430.o(.ARM.__AT_0x08002118) for const_data1
    system_n32g430.o(.text) refers to system_n32g430.o(.ARM.__AT_0x08002918) for const_data2
    system_n32g430.o(.text) refers to system_n32g430.o(.data) for SystemClockFrequency
    system_n32g430.o(.text) refers to system_n32g430.o(.constdata) for AHBPrescTable
    n32g430_gpio.o(.text) refers to n32g430_rcc.o(.text) for RCC_AHB_Peripheral_Reset
    n32g430_rcc.o(.text) refers to n32g430_rcc.o(.constdata) for APBAHBPresTable
    main.o(.text) refers to bsp_led.o(.text) for LED_Initialize
    main.o(.text) refers to bsp_delay.o(.text) for SysTick_Delay_Ms
    bsp_led.o(.text) refers to n32g430_rcc.o(.text) for RCC_AHB_Peripheral_Clock_Enable
    bsp_led.o(.text) refers to n32g430_gpio.o(.text) for GPIO_Structure_Initialize
    bsp_delay.o(.text) refers to n32g430_rcc.o(.text) for RCC_Clocks_Frequencies_Value_Get
    entry.o(.ARM.Collect$$$$00000000) refers (Special) to entry10a.o(.ARM.Collect$$$$0000000F) for __rt_final_cpp
    entry.o(.ARM.Collect$$$$00000000) refers (Special) to entry11a.o(.ARM.Collect$$$$00000011) for __rt_final_exit
    entry.o(.ARM.Collect$$$$00000000) refers (Special) to entry12b.o(.ARM.Collect$$$$0000000E) for __rt_lib_shutdown_fini
    entry.o(.ARM.Collect$$$$00000000) refers (Special) to entry7b.o(.ARM.Collect$$$$00000008) for _main_clock
    entry.o(.ARM.Collect$$$$00000000) refers (Special) to entry8b.o(.ARM.Collect$$$$0000000A) for _main_cpp_init
    entry.o(.ARM.Collect$$$$00000000) refers (Special) to entry9a.o(.ARM.Collect$$$$0000000B) for _main_init
    entry.o(.ARM.Collect$$$$00000000) refers (Special) to entry5.o(.ARM.Collect$$$$00000004) for _main_scatterload
    entry.o(.ARM.Collect$$$$00000000) refers (Special) to entry2.o(.ARM.Collect$$$$00000001) for _main_stk
    entry2.o(.ARM.Collect$$$$00000001) refers to entry2.o(.ARM.Collect$$$$00002712) for __lit__00000000
    entry2.o(.ARM.Collect$$$$00002712) refers to startup_n32g430.o(STACK) for __initial_sp
    entry2.o(__vectab_stack_and_reset_area) refers to startup_n32g430.o(STACK) for __initial_sp
    entry2.o(__vectab_stack_and_reset_area) refers to entry.o(.ARM.Collect$$$$00000000) for __main
    entry5.o(.ARM.Collect$$$$00000004) refers to init.o(.text) for __scatterload
    entry9a.o(.ARM.Collect$$$$0000000B) refers to main.o(.text) for main
    entry9b.o(.ARM.Collect$$$$0000000C) refers to main.o(.text) for main
    init.o(.text) refers to entry5.o(.ARM.Collect$$$$00000004) for __main_after_scatterload


==============================================================================

Removing Unused input sections from the image.

    Removing startup_n32g430.o(HEAP), (768 bytes).
    Removing system_n32g430.o(.rev16_text), (4 bytes).
    Removing system_n32g430.o(.revsh_text), (4 bytes).
    Removing system_n32g430.o(.rrx_text), (6 bytes).
    Removing n32g430_gpio.o(.rev16_text), (4 bytes).
    Removing n32g430_gpio.o(.revsh_text), (4 bytes).
    Removing n32g430_gpio.o(.rrx_text), (6 bytes).
    Removing n32g430_rcc.o(.rev16_text), (4 bytes).
    Removing n32g430_rcc.o(.revsh_text), (4 bytes).
    Removing n32g430_rcc.o(.rrx_text), (6 bytes).
    Removing main.o(.rev16_text), (4 bytes).
    Removing main.o(.revsh_text), (4 bytes).
    Removing main.o(.rrx_text), (6 bytes).
    Removing bsp_led.o(.rev16_text), (4 bytes).
    Removing bsp_led.o(.revsh_text), (4 bytes).
    Removing bsp_led.o(.rrx_text), (6 bytes).
    Removing n32g430_it.o(.rev16_text), (4 bytes).
    Removing n32g430_it.o(.revsh_text), (4 bytes).
    Removing n32g430_it.o(.rrx_text), (6 bytes).
    Removing bsp_delay.o(.rev16_text), (4 bytes).
    Removing bsp_delay.o(.revsh_text), (4 bytes).
    Removing bsp_delay.o(.rrx_text), (6 bytes).

22 unused section(s) (total 866 bytes) removed from the image.

==============================================================================

Image Symbol Table

    Local Symbols

    Symbol Name                              Value     Ov Type        Size  Object(Section)

    ../clib/microlib/init/entry.s            0x00000000   Number         0  entry10b.o ABSOLUTE
    ../clib/microlib/init/entry.s            0x00000000   Number         0  entry10a.o ABSOLUTE
    ../clib/microlib/init/entry.s            0x00000000   Number         0  entry9b.o ABSOLUTE
    ../clib/microlib/init/entry.s            0x00000000   Number         0  entry12a.o ABSOLUTE
    ../clib/microlib/init/entry.s            0x00000000   Number         0  entry9a.o ABSOLUTE
    ../clib/microlib/init/entry.s            0x00000000   Number         0  entry2.o ABSOLUTE
    ../clib/microlib/init/entry.s            0x00000000   Number         0  entry8b.o ABSOLUTE
    ../clib/microlib/init/entry.s            0x00000000   Number         0  entry8a.o ABSOLUTE
    ../clib/microlib/init/entry.s            0x00000000   Number         0  entry5.o ABSOLUTE
    ../clib/microlib/init/entry.s            0x00000000   Number         0  entry7b.o ABSOLUTE
    ../clib/microlib/init/entry.s            0x00000000   Number         0  entry7a.o ABSOLUTE
    ../clib/microlib/init/entry.s            0x00000000   Number         0  entry.o ABSOLUTE
    ../clib/microlib/init/entry.s            0x00000000   Number         0  entry11a.o ABSOLUTE
    ../clib/microlib/init/entry.s            0x00000000   Number         0  entry11b.o ABSOLUTE
    ../clib/microlib/init/entry.s            0x00000000   Number         0  entry12b.o ABSOLUTE
    ..\..\..\..\..\..\firmware\CMSIS\device\startup\startup_n32g430.s 0x00000000   Number         0  startup_n32g430.o ABSOLUTE
    ..\..\..\..\..\..\firmware\CMSIS\device\system_n32g430.c 0x00000000   Number         0  system_n32g430.o ABSOLUTE
    ..\..\..\..\..\..\firmware\n32g430_std_periph_driver\src\n32g430_gpio.c 0x00000000   Number         0  n32g430_gpio.o ABSOLUTE
    ..\..\..\..\..\..\firmware\n32g430_std_periph_driver\src\n32g430_rcc.c 0x00000000   Number         0  n32g430_rcc.o ABSOLUTE
    ..\\..\\..\\..\\..\\..\\firmware\\CMSIS\\device\\system_n32g430.c 0x00000000   Number         0  system_n32g430.o ABSOLUTE
    ..\\..\\..\\..\\..\\..\\firmware\\n32g430_std_periph_driver\\src\\n32g430_gpio.c 0x00000000   Number         0  n32g430_gpio.o ABSOLUTE
    ..\\..\\..\\..\\..\\..\\firmware\\n32g430_std_periph_driver\\src\\n32g430_rcc.c 0x00000000   Number         0  n32g430_rcc.o ABSOLUTE
    ..\\src\\bsp_delay.c                     0x00000000   Number         0  bsp_delay.o ABSOLUTE
    ..\\src\\bsp_led.c                       0x00000000   Number         0  bsp_led.o ABSOLUTE
    ..\\src\\main.c                          0x00000000   Number         0  main.o ABSOLUTE
    ..\\src\\n32g430_it.c                    0x00000000   Number         0  n32g430_it.o ABSOLUTE
    ..\src\bsp_delay.c                       0x00000000   Number         0  bsp_delay.o ABSOLUTE
    ..\src\bsp_led.c                         0x00000000   Number         0  bsp_led.o ABSOLUTE
    ..\src\main.c                            0x00000000   Number         0  main.o ABSOLUTE
    ..\src\n32g430_it.c                      0x00000000   Number         0  n32g430_it.o ABSOLUTE
    dc.s                                     0x00000000   Number         0  dc.o ABSOLUTE
    handlers.s                               0x00000000   Number         0  handlers.o ABSOLUTE
    init.s                                   0x00000000   Number         0  init.o ABSOLUTE
    RESET                                    0x08000000   Section      276  startup_n32g430.o(RESET)
    .ARM.Collect$$$$00000000                 0x08000114   Section        0  entry.o(.ARM.Collect$$$$00000000)
    .ARM.Collect$$$$00000001                 0x08000114   Section        4  entry2.o(.ARM.Collect$$$$00000001)
    .ARM.Collect$$$$00000004                 0x08000118   Section        4  entry5.o(.ARM.Collect$$$$00000004)
    .ARM.Collect$$$$00000008                 0x0800011c   Section        0  entry7b.o(.ARM.Collect$$$$00000008)
    .ARM.Collect$$$$0000000A                 0x0800011c   Section        0  entry8b.o(.ARM.Collect$$$$0000000A)
    .ARM.Collect$$$$0000000B                 0x0800011c   Section        8  entry9a.o(.ARM.Collect$$$$0000000B)
    .ARM.Collect$$$$0000000E                 0x08000124   Section        4  entry12b.o(.ARM.Collect$$$$0000000E)
    .ARM.Collect$$$$0000000F                 0x08000128   Section        0  entry10a.o(.ARM.Collect$$$$0000000F)
    .ARM.Collect$$$$00000011                 0x08000128   Section        0  entry11a.o(.ARM.Collect$$$$00000011)
    .ARM.Collect$$$$00002712                 0x08000128   Section        4  entry2.o(.ARM.Collect$$$$00002712)
    __lit__00000000                          0x08000128   Data           4  entry2.o(.ARM.Collect$$$$00002712)
    .text                                    0x0800012c   Section       36  startup_n32g430.o(.text)
    $v0                                      0x0800012c   Number         0  startup_n32g430.o(.text)
    .text                                    0x08000150   Section        0  system_n32g430.o(.text)
    System_Clock_Set                         0x080001dd   Thumb Code   284  system_n32g430.o(.text)
    .text                                    0x08000490   Section        0  n32g430_gpio.o(.text)
    .text                                    0x08000e20   Section        0  n32g430_rcc.o(.text)
    .text                                    0x080014ec   Section        0  main.o(.text)
    .text                                    0x08001588   Section        0  bsp_led.o(.text)
    .text                                    0x08001624   Section        0  n32g430_it.o(.text)
    .text                                    0x0800163c   Section        0  bsp_delay.o(.text)
    DBG_SysTick_Config                       0x0800163d   Thumb Code    86  bsp_delay.o(.text)
    .text                                    0x08001730   Section       36  init.o(.text)
    i.__scatterload_copy                     0x08001754   Section       14  handlers.o(i.__scatterload_copy)
    i.__scatterload_null                     0x08001762   Section        2  handlers.o(i.__scatterload_null)
    i.__scatterload_zeroinit                 0x08001764   Section       14  handlers.o(i.__scatterload_zeroinit)
    .constdata                               0x08001772   Section       16  system_n32g430.o(.constdata)
    .constdata                               0x08001782   Section       64  n32g430_rcc.o(.constdata)
    APBAHBPresTable                          0x08001782   Data          16  n32g430_rcc.o(.constdata)
    ADCHCLKPresTable                         0x08001792   Data          16  n32g430_rcc.o(.constdata)
    ADCPLLCLKPresTable                       0x080017a2   Data          32  n32g430_rcc.o(.constdata)
    .ARM.__AT_0x08002118                     0x08002118   Section        8  system_n32g430.o(.ARM.__AT_0x08002118)
    .ARM.__AT_0x08002918                     0x08002918   Section        8  system_n32g430.o(.ARM.__AT_0x08002918)
    .data                                    0x20000000   Section        4  system_n32g430.o(.data)
    STACK                                    0x20000008   Section     5376  startup_n32g430.o(STACK)

    Global Symbols

    Symbol Name                              Value     Ov Type        Size  Object(Section)

    BuildAttributes$$THM_ISAv4$E$P$D$K$B$S$7EM$VFPi3$EXTD16$VFPS$VFMA$PE$A:L22UL41UL21$X:L11$S22US41US21$IEEE1$IW$USESV6$~STKCKD$USESV7$~SHL$OSPACE$EBA8$MICROLIB$REQ8$PRES8$EABIv2 0x00000000   Number         0  anon$$obj.o ABSOLUTE
    __ARM_use_no_argv                        0x00000000   Number         0  main.o ABSOLUTE
    __arm_fini_                               - Undefined Weak Reference
    __cpp_initialize__aeabi_                  - Undefined Weak Reference
    __cxa_finalize                            - Undefined Weak Reference
    __decompress                              - Undefined Weak Reference
    _clock_init                               - Undefined Weak Reference
    _microlib_exit                            - Undefined Weak Reference
    __Vectors_Size                           0x00000114   Number         0  startup_n32g430.o ABSOLUTE
    __Vectors                                0x08000000   Data           4  startup_n32g430.o(RESET)
    __Vectors_End                            0x08000114   Data           0  startup_n32g430.o(RESET)
    __main                                   0x08000115   Thumb Code     0  entry.o(.ARM.Collect$$$$00000000)
    _main_stk                                0x08000115   Thumb Code     0  entry2.o(.ARM.Collect$$$$00000001)
    _main_scatterload                        0x08000119   Thumb Code     0  entry5.o(.ARM.Collect$$$$00000004)
    __main_after_scatterload                 0x0800011d   Thumb Code     0  entry5.o(.ARM.Collect$$$$00000004)
    _main_clock                              0x0800011d   Thumb Code     0  entry7b.o(.ARM.Collect$$$$00000008)
    _main_cpp_init                           0x0800011d   Thumb Code     0  entry8b.o(.ARM.Collect$$$$0000000A)
    _main_init                               0x0800011d   Thumb Code     0  entry9a.o(.ARM.Collect$$$$0000000B)
    __rt_lib_shutdown_fini                   0x08000125   Thumb Code     0  entry12b.o(.ARM.Collect$$$$0000000E)
    __rt_final_cpp                           0x08000129   Thumb Code     0  entry10a.o(.ARM.Collect$$$$0000000F)
    __rt_final_exit                          0x08000129   Thumb Code     0  entry11a.o(.ARM.Collect$$$$00000011)
    Reset_Handler                            0x0800012d   Thumb Code     8  startup_n32g430.o(.text)
    PendSV_Handler                           0x08000143   Thumb Code     2  startup_n32g430.o(.text)
    ADC_IRQHandler                           0x08000147   Thumb Code     0  startup_n32g430.o(.text)
    CAN_RX0_IRQHandler                       0x08000147   Thumb Code     0  startup_n32g430.o(.text)
    CAN_RX1_IRQHandler                       0x08000147   Thumb Code     0  startup_n32g430.o(.text)
    CAN_SCE_IRQHandler                       0x08000147   Thumb Code     0  startup_n32g430.o(.text)
    CAN_TX_IRQHandler                        0x08000147   Thumb Code     0  startup_n32g430.o(.text)
    COMP_1_2_3_IRQHandler                    0x08000147   Thumb Code     0  startup_n32g430.o(.text)
    DMA_Channel1_IRQHandler                  0x08000147   Thumb Code     0  startup_n32g430.o(.text)
    DMA_Channel2_IRQHandler                  0x08000147   Thumb Code     0  startup_n32g430.o(.text)
    DMA_Channel3_IRQHandler                  0x08000147   Thumb Code     0  startup_n32g430.o(.text)
    DMA_Channel4_IRQHandler                  0x08000147   Thumb Code     0  startup_n32g430.o(.text)
    DMA_Channel5_IRQHandler                  0x08000147   Thumb Code     0  startup_n32g430.o(.text)
    DMA_Channel6_IRQHandler                  0x08000147   Thumb Code     0  startup_n32g430.o(.text)
    DMA_Channel7_IRQHandler                  0x08000147   Thumb Code     0  startup_n32g430.o(.text)
    DMA_Channel8_IRQHandler                  0x08000147   Thumb Code     0  startup_n32g430.o(.text)
    EXTI0_IRQHandler                         0x08000147   Thumb Code     0  startup_n32g430.o(.text)
    EXTI15_10_IRQHandler                     0x08000147   Thumb Code     0  startup_n32g430.o(.text)
    EXTI1_IRQHandler                         0x08000147   Thumb Code     0  startup_n32g430.o(.text)
    EXTI2_IRQHandler                         0x08000147   Thumb Code     0  startup_n32g430.o(.text)
    EXTI3_IRQHandler                         0x08000147   Thumb Code     0  startup_n32g430.o(.text)
    EXTI4_IRQHandler                         0x08000147   Thumb Code     0  startup_n32g430.o(.text)
    EXTI9_5_IRQHandler                       0x08000147   Thumb Code     0  startup_n32g430.o(.text)
    FLASH_IRQHandler                         0x08000147   Thumb Code     0  startup_n32g430.o(.text)
    I2C1_ER_IRQHandler                       0x08000147   Thumb Code     0  startup_n32g430.o(.text)
    I2C1_EV_IRQHandler                       0x08000147   Thumb Code     0  startup_n32g430.o(.text)
    I2C2_ER_IRQHandler                       0x08000147   Thumb Code     0  startup_n32g430.o(.text)
    I2C2_EV_IRQHandler                       0x08000147   Thumb Code     0  startup_n32g430.o(.text)
    LPTIM_WKUP_IRQHandler                    0x08000147   Thumb Code     0  startup_n32g430.o(.text)
    MMU_IRQHandler                           0x08000147   Thumb Code     0  startup_n32g430.o(.text)
    PVD_IRQHandler                           0x08000147   Thumb Code     0  startup_n32g430.o(.text)
    RCC_IRQHandler                           0x08000147   Thumb Code     0  startup_n32g430.o(.text)
    RTCAlarm_IRQHandler                      0x08000147   Thumb Code     0  startup_n32g430.o(.text)
    RTC_TAMPER_STAMP_IRQHandler              0x08000147   Thumb Code     0  startup_n32g430.o(.text)
    RTC_WKUP_IRQHandler                      0x08000147   Thumb Code     0  startup_n32g430.o(.text)
    SPI1_IRQHandler                          0x08000147   Thumb Code     0  startup_n32g430.o(.text)
    SPI2_IRQHandler                          0x08000147   Thumb Code     0  startup_n32g430.o(.text)
    TIM1_BRK_IRQHandler                      0x08000147   Thumb Code     0  startup_n32g430.o(.text)
    TIM1_CC_IRQHandler                       0x08000147   Thumb Code     0  startup_n32g430.o(.text)
    TIM1_TRG_COM_IRQHandler                  0x08000147   Thumb Code     0  startup_n32g430.o(.text)
    TIM1_UP_IRQHandler                       0x08000147   Thumb Code     0  startup_n32g430.o(.text)
    TIM2_IRQHandler                          0x08000147   Thumb Code     0  startup_n32g430.o(.text)
    TIM3_IRQHandler                          0x08000147   Thumb Code     0  startup_n32g430.o(.text)
    TIM4_IRQHandler                          0x08000147   Thumb Code     0  startup_n32g430.o(.text)
    TIM5_IRQHandler                          0x08000147   Thumb Code     0  startup_n32g430.o(.text)
    TIM6_IRQHandler                          0x08000147   Thumb Code     0  startup_n32g430.o(.text)
    TIM8_BRK_IRQHandler                      0x08000147   Thumb Code     0  startup_n32g430.o(.text)
    TIM8_CC_IRQHandler                       0x08000147   Thumb Code     0  startup_n32g430.o(.text)
    TIM8_TRG_COM_IRQHandler                  0x08000147   Thumb Code     0  startup_n32g430.o(.text)
    TIM8_UP_IRQHandler                       0x08000147   Thumb Code     0  startup_n32g430.o(.text)
    UART3_IRQHandler                         0x08000147   Thumb Code     0  startup_n32g430.o(.text)
    UART4_IRQHandler                         0x08000147   Thumb Code     0  startup_n32g430.o(.text)
    USART1_IRQHandler                        0x08000147   Thumb Code     0  startup_n32g430.o(.text)
    USART2_IRQHandler                        0x08000147   Thumb Code     0  startup_n32g430.o(.text)
    WWDG_IRQHandler                          0x08000147   Thumb Code     0  startup_n32g430.o(.text)
    Get_NVR_Value                            0x08000151   Thumb Code    28  system_n32g430.o(.text)
    PLL_TrimValueLoad                        0x0800016d   Thumb Code   112  system_n32g430.o(.text)
    System_Initializes                       0x080002f9   Thumb Code   150  system_n32g430.o(.text)
    System_Clock_Frequency_Update            0x0800038f   Thumb Code   182  system_n32g430.o(.text)
    GPIO_Reset                               0x08000491   Thumb Code    66  n32g430_gpio.o(.text)
    GPIOA_Pin_Reset                          0x080004d3   Thumb Code   332  n32g430_gpio.o(.text)
    GPIOB_Pin_Reset                          0x0800061f   Thumb Code   284  n32g430_gpio.o(.text)
    GPIOC_Pin_Reset                          0x0800073b   Thumb Code   166  n32g430_gpio.o(.text)
    GPIOD_Pin_Reset                          0x080007e1   Thumb Code   260  n32g430_gpio.o(.text)
    AFIO_EXTI_Reset                          0x080008e5   Thumb Code    62  n32g430_gpio.o(.text)
    GPIO_ALLPin_Reset                        0x08000923   Thumb Code    36  n32g430_gpio.o(.text)
    GPIO_Alternate_Set                       0x08000947   Thumb Code    64  n32g430_gpio.o(.text)
    GPIO_Mode_Set                            0x08000987   Thumb Code    68  n32g430_gpio.o(.text)
    GPIO_Pull_Set                            0x080009cb   Thumb Code    28  n32g430_gpio.o(.text)
    GPIO_SlewRate_Set                        0x080009e7   Thumb Code    24  n32g430_gpio.o(.text)
    GPIO_Driver_Set                          0x080009ff   Thumb Code    28  n32g430_gpio.o(.text)
    GPIO_Peripheral_Initialize               0x08000a1b   Thumb Code    86  n32g430_gpio.o(.text)
    GPIO_Alternate_Function_Reset            0x08000a71   Thumb Code    10  n32g430_gpio.o(.text)
    GPIO_Structure_Initialize                0x08000a7b   Thumb Code    24  n32g430_gpio.o(.text)
    GPIO_Input_Pin_Data_Get                  0x08000a93   Thumb Code    16  n32g430_gpio.o(.text)
    GPIO_Input_Data_Get                      0x08000aa3   Thumb Code     8  n32g430_gpio.o(.text)
    GPIO_Output_Pin_Data_Get                 0x08000aab   Thumb Code    16  n32g430_gpio.o(.text)
    GPIO_Output_Data_Get                     0x08000abb   Thumb Code     8  n32g430_gpio.o(.text)
    GPIO_Pins_Set                            0x08000ac3   Thumb Code     4  n32g430_gpio.o(.text)
    GPIO_Pins_Reset                          0x08000ac7   Thumb Code     4  n32g430_gpio.o(.text)
    GPIO_PBSC_Pins_Reset                     0x08000acb   Thumb Code     8  n32g430_gpio.o(.text)
    GPIO_PBC_Pins_Reset                      0x08000ad3   Thumb Code     4  n32g430_gpio.o(.text)
    GPIO_Write                               0x08000ad7   Thumb Code     4  n32g430_gpio.o(.text)
    GPIO_Pin_Toggle                          0x08000adb   Thumb Code     8  n32g430_gpio.o(.text)
    GPIO_Pin_Lock_Set                        0x08000ae3   Thumb Code    18  n32g430_gpio.o(.text)
    GPIO_Pin_Remap_Set                       0x08000af5   Thumb Code    94  n32g430_gpio.o(.text)
    GPIO_EXTI_Line_Set                       0x08000b53   Thumb Code    56  n32g430_gpio.o(.text)
    AFIO_SPI_NSS_Mode_Set                    0x08000b8b   Thumb Code    30  n32g430_gpio.o(.text)
    AFIO_ADC_External_Trigger_Remap_Set      0x08000ba9   Thumb Code    82  n32g430_gpio.o(.text)
    AFIO_5V_Tolerance_Enable                 0x08000bfb   Thumb Code    16  n32g430_gpio.o(.text)
    AFIO_5V_Tolerance_Disable                0x08000c0b   Thumb Code    16  n32g430_gpio.o(.text)
    AFIO_Filter_Stage_Ctrl                   0x08000c1b   Thumb Code     8  n32g430_gpio.o(.text)
    AFIO_EFT_Enable                          0x08000c23   Thumb Code   148  n32g430_gpio.o(.text)
    AFIO_EFT_Disable                         0x08000cb7   Thumb Code   114  n32g430_gpio.o(.text)
    AFIO_Digital_EFT_Enable                  0x08000d29   Thumb Code   114  n32g430_gpio.o(.text)
    AFIO_Digital_EFT_Disable                 0x08000d9b   Thumb Code   114  n32g430_gpio.o(.text)
    RCC_Reset                                0x08000e21   Thumb Code    80  n32g430_rcc.o(.text)
    RCC_HSE_Config                           0x08000e71   Thumb Code    60  n32g430_rcc.o(.text)
    RCC_Flag_Status_Get                      0x08000ead   Thumb Code    58  n32g430_rcc.o(.text)
    RCC_Clocks_Frequencies_Value_Get         0x08000ee7   Thumb Code   250  n32g430_rcc.o(.text)
    RCC_HSE_Stable_Wait                      0x08000fe1   Thumb Code    78  n32g430_rcc.o(.text)
    RCC_Clock_Security_System_Enable         0x0800102f   Thumb Code     8  n32g430_rcc.o(.text)
    RCC_Clock_Security_System_Disable        0x08001037   Thumb Code     8  n32g430_rcc.o(.text)
    RCC_HSI_Calibration_Value_Set            0x0800103f   Thumb Code    20  n32g430_rcc.o(.text)
    RCC_HSI_Enable                           0x08001053   Thumb Code     8  n32g430_rcc.o(.text)
    RCC_HSI_Disable                          0x0800105b   Thumb Code     8  n32g430_rcc.o(.text)
    RCC_HSI_Stable_Wait                      0x08001063   Thumb Code    78  n32g430_rcc.o(.text)
    RCC_PLL_Config                           0x080010b1   Thumb Code    46  n32g430_rcc.o(.text)
    RCC_PLL_Enable                           0x080010df   Thumb Code     8  n32g430_rcc.o(.text)
    RCC_PLL_Disable                          0x080010e7   Thumb Code     8  n32g430_rcc.o(.text)
    RCC_Sysclk_Config                        0x080010ef   Thumb Code    18  n32g430_rcc.o(.text)
    RCC_Sysclk_Source_Get                    0x08001101   Thumb Code    10  n32g430_rcc.o(.text)
    RCC_Hclk_Config                          0x0800110b   Thumb Code    18  n32g430_rcc.o(.text)
    RCC_Pclk1_Config                         0x0800111d   Thumb Code    18  n32g430_rcc.o(.text)
    RCC_Pclk2_Config                         0x0800112f   Thumb Code    20  n32g430_rcc.o(.text)
    RCC_Interrupt_Enable                     0x08001143   Thumb Code    12  n32g430_rcc.o(.text)
    RCC_Interrupt_Disable                    0x0800114f   Thumb Code    12  n32g430_rcc.o(.text)
    RCC_TIM1_8_Clock_Config                  0x0800115b   Thumb Code    18  n32g430_rcc.o(.text)
    RCC_ADC_1M_Clock_Config                  0x0800116d   Thumb Code    24  n32g430_rcc.o(.text)
    RCC_ADC_PLL_Clock_Prescaler_Enable       0x08001185   Thumb Code    18  n32g430_rcc.o(.text)
    RCC_ADC_PLL_Clock_Disable                0x08001197   Thumb Code    14  n32g430_rcc.o(.text)
    RCC_ADC_Hclk_Config                      0x080011a5   Thumb Code    18  n32g430_rcc.o(.text)
    RCC_ADC_Hclk_Enable                      0x080011b7   Thumb Code    18  n32g430_rcc.o(.text)
    RCC_ADC_Hclk_Disable                     0x080011c9   Thumb Code    18  n32g430_rcc.o(.text)
    RCC_LSE_Trim_Config                      0x080011db   Thumb Code    94  n32g430_rcc.o(.text)
    RCC_APB1_Peripheral_Clock_Enable         0x08001239   Thumb Code    12  n32g430_rcc.o(.text)
    RCC_LSE_Config                           0x08001245   Thumb Code    88  n32g430_rcc.o(.text)
    RCC_LSE_Clock_Security_System_Enable     0x0800129d   Thumb Code     8  n32g430_rcc.o(.text)
    RCC_LSE_Clock_Security_System_Disable    0x080012a5   Thumb Code     8  n32g430_rcc.o(.text)
    RCC_LSE_Clock_Security_System_Status_Get 0x080012ad   Thumb Code    18  n32g430_rcc.o(.text)
    RCC_LSE_Stable_Wait                      0x080012bf   Thumb Code    78  n32g430_rcc.o(.text)
    RCC_LSI_Enable                           0x0800130d   Thumb Code    10  n32g430_rcc.o(.text)
    RCC_LSI_Disable                          0x08001317   Thumb Code    10  n32g430_rcc.o(.text)
    RCC_LSI_Stable_Wait                      0x08001321   Thumb Code    78  n32g430_rcc.o(.text)
    RCC_RTC_Clock_Config                     0x0800136f   Thumb Code    22  n32g430_rcc.o(.text)
    RCC_RTC_Clock_Enable                     0x08001385   Thumb Code    10  n32g430_rcc.o(.text)
    RCC_RTC_Clock_Disable                    0x0800138f   Thumb Code    10  n32g430_rcc.o(.text)
    RCC_LPTIM_Clock_Config                   0x08001399   Thumb Code    46  n32g430_rcc.o(.text)
    RCC_LPTIM_Reset                          0x080013c7   Thumb Code    24  n32g430_rcc.o(.text)
    RCC_LPTIM_Enable                         0x080013df   Thumb Code    14  n32g430_rcc.o(.text)
    RCC_LPTIM_Disable                        0x080013ed   Thumb Code    14  n32g430_rcc.o(.text)
    RCC_AHB_Peripheral_Clock_Enable          0x080013fb   Thumb Code    12  n32g430_rcc.o(.text)
    RCC_AHB_Peripheral_Clock_Disable         0x08001407   Thumb Code    12  n32g430_rcc.o(.text)
    RCC_APB2_Peripheral_Clock_Enable         0x08001413   Thumb Code    12  n32g430_rcc.o(.text)
    RCC_APB2_Peripheral_Clock_Disable        0x0800141f   Thumb Code    12  n32g430_rcc.o(.text)
    RCC_APB1_Peripheral_Clock_Disable        0x0800142b   Thumb Code    12  n32g430_rcc.o(.text)
    RCC_AHB_Peripheral_Reset                 0x08001437   Thumb Code    20  n32g430_rcc.o(.text)
    RCC_APB2_Peripheral_Reset                0x0800144b   Thumb Code    20  n32g430_rcc.o(.text)
    RCC_APB1_Peripheral_Reset                0x0800145f   Thumb Code    20  n32g430_rcc.o(.text)
    RCC_Backup_Reset                         0x08001473   Thumb Code    14  n32g430_rcc.o(.text)
    RCC_MCO_PLL_Prescaler_Config             0x08001481   Thumb Code    18  n32g430_rcc.o(.text)
    RCC_MCO_Source_Config                    0x08001493   Thumb Code    18  n32g430_rcc.o(.text)
    RCC_Reset_Flag_Clear                     0x080014a5   Thumb Code    24  n32g430_rcc.o(.text)
    RCC_Interrupt_Status_Get                 0x080014bd   Thumb Code    18  n32g430_rcc.o(.text)
    RCC_Interrupt_Status_Clear               0x080014cf   Thumb Code    12  n32g430_rcc.o(.text)
    main                                     0x080014ed   Thumb Code   150  main.o(.text)
    LED_Initialize                           0x08001589   Thumb Code    94  bsp_led.o(.text)
    LED_Toggle                               0x080015e7   Thumb Code    16  bsp_led.o(.text)
    LED_On                                   0x080015f7   Thumb Code    16  bsp_led.o(.text)
    LED_Off                                  0x08001607   Thumb Code    16  bsp_led.o(.text)
    NMI_Handler                              0x08001625   Thumb Code     2  n32g430_it.o(.text)
    HardFault_Handler                        0x08001627   Thumb Code     4  n32g430_it.o(.text)
    MemManage_Handler                        0x0800162b   Thumb Code     4  n32g430_it.o(.text)
    BusFault_Handler                         0x0800162f   Thumb Code     4  n32g430_it.o(.text)
    UsageFault_Handler                       0x08001633   Thumb Code     4  n32g430_it.o(.text)
    SVC_Handler                              0x08001637   Thumb Code     2  n32g430_it.o(.text)
    DebugMon_Handler                         0x08001639   Thumb Code     2  n32g430_it.o(.text)
    SysTick_Handler                          0x0800163b   Thumb Code     2  n32g430_it.o(.text)
    SysTick_Delay_Us                         0x08001693   Thumb Code    72  bsp_delay.o(.text)
    SysTick_Delay_Ms                         0x080016db   Thumb Code    74  bsp_delay.o(.text)
    __scatterload                            0x08001731   Thumb Code    28  init.o(.text)
    __scatterload_rt2                        0x08001731   Thumb Code     0  init.o(.text)
    __scatterload_copy                       0x08001755   Thumb Code    14  handlers.o(i.__scatterload_copy)
    __scatterload_null                       0x08001763   Thumb Code     2  handlers.o(i.__scatterload_null)
    __scatterload_zeroinit                   0x08001765   Thumb Code    14  handlers.o(i.__scatterload_zeroinit)
    AHBPrescTable                            0x08001772   Data          16  system_n32g430.o(.constdata)
    Region$$Table$$Base                      0x080017c4   Number         0  anon$$obj.o(Region$$Table)
    Region$$Table$$Limit                     0x080017e4   Number         0  anon$$obj.o(Region$$Table)
    const_data1                              0x08002118   Data           8  system_n32g430.o(.ARM.__AT_0x08002118)
    const_data2                              0x08002918   Data           8  system_n32g430.o(.ARM.__AT_0x08002918)
    SystemClockFrequency                     0x20000000   Data           4  system_n32g430.o(.data)
    __initial_sp                             0x20001508   Data           0  startup_n32g430.o(STACK)



==============================================================================

Memory Map of the image

  Image Entry point : 0x08000115

  Load Region LR_IROM1 (Base: 0x08000000, Size: 0x00002924, Max: 0x00010000, ABSOLUTE)

    Execution Region ER_IROM1 (Exec base: 0x08000000, Load base: 0x08000000, Size: 0x00002920, Max: 0x00010000, ABSOLUTE)

    Exec Addr    Load Addr    Size         Type   Attr      Idx    E Section Name        Object

    0x08000000   0x08000000   0x00000114   Data   RO            3    RESET               startup_n32g430.o
    0x08000114   0x08000114   0x00000000   Code   RO          298  * .ARM.Collect$$$$00000000  mc_w.l(entry.o)
    0x08000114   0x08000114   0x00000004   Code   RO          301    .ARM.Collect$$$$00000001  mc_w.l(entry2.o)
    0x08000118   0x08000118   0x00000004   Code   RO          304    .ARM.Collect$$$$00000004  mc_w.l(entry5.o)
    0x0800011c   0x0800011c   0x00000000   Code   RO          306    .ARM.Collect$$$$00000008  mc_w.l(entry7b.o)
    0x0800011c   0x0800011c   0x00000000   Code   RO          308    .ARM.Collect$$$$0000000A  mc_w.l(entry8b.o)
    0x0800011c   0x0800011c   0x00000008   Code   RO          309    .ARM.Collect$$$$0000000B  mc_w.l(entry9a.o)
    0x08000124   0x08000124   0x00000004   Code   RO          316    .ARM.Collect$$$$0000000E  mc_w.l(entry12b.o)
    0x08000128   0x08000128   0x00000000   Code   RO          311    .ARM.Collect$$$$0000000F  mc_w.l(entry10a.o)
    0x08000128   0x08000128   0x00000000   Code   RO          313    .ARM.Collect$$$$00000011  mc_w.l(entry11a.o)
    0x08000128   0x08000128   0x00000004   Code   RO          302    .ARM.Collect$$$$00002712  mc_w.l(entry2.o)
    0x0800012c   0x0800012c   0x00000024   Code   RO            4    .text               startup_n32g430.o
    0x08000150   0x08000150   0x00000340   Code   RO           13    .text               system_n32g430.o
    0x08000490   0x08000490   0x00000990   Code   RO          135    .text               n32g430_gpio.o
    0x08000e20   0x08000e20   0x000006cc   Code   RO          163    .text               n32g430_rcc.o
    0x080014ec   0x080014ec   0x0000009c   Code   RO          189    .text               main.o
    0x08001588   0x08001588   0x0000009c   Code   RO          222    .text               bsp_led.o
    0x08001624   0x08001624   0x00000018   Code   RO          246    .text               n32g430_it.o
    0x0800163c   0x0800163c   0x000000f4   Code   RO          273    .text               bsp_delay.o
    0x08001730   0x08001730   0x00000024   Code   RO          317    .text               mc_w.l(init.o)
    0x08001754   0x08001754   0x0000000e   Code   RO          321    i.__scatterload_copy  mc_w.l(handlers.o)
    0x08001762   0x08001762   0x00000002   Code   RO          322    i.__scatterload_null  mc_w.l(handlers.o)
    0x08001764   0x08001764   0x0000000e   Code   RO          323    i.__scatterload_zeroinit  mc_w.l(handlers.o)
    0x08001772   0x08001772   0x00000010   Data   RO           16    .constdata          system_n32g430.o
    0x08001782   0x08001782   0x00000040   Data   RO          164    .constdata          n32g430_rcc.o
    0x080017c2   0x080017c2   0x00000002   PAD
    0x080017c4   0x080017c4   0x00000020   Data   RO          319    Region$$Table       anon$$obj.o
    0x080017e4   0x080017e4   0x00000934   PAD
    0x08002118   0x08002118   0x00000008   Data   RO           14    .ARM.__AT_0x08002118  system_n32g430.o
    0x08002120   0x08002120   0x000007f8   PAD
    0x08002918   0x08002918   0x00000008   Data   RO           15    .ARM.__AT_0x08002918  system_n32g430.o


    Execution Region RW_IRAM1 (Exec base: 0x20000000, Load base: 0x08002920, Size: 0x00001508, Max: 0x00004000, ABSOLUTE)

    Exec Addr    Load Addr    Size         Type   Attr      Idx    E Section Name        Object

    0x20000000   0x08002920   0x00000004   Data   RW           17    .data               system_n32g430.o
    0x20000004   0x08002924   0x00000004   PAD
    0x20000008        -       0x00001500   Zero   RW            1    STACK               startup_n32g430.o


==============================================================================

Image component sizes


      Code (inc. data)   RO Data    RW Data    ZI Data      Debug   Object Name

       244         12          0          0          0      31863   bsp_delay.o
       156         14          0          0          0       1699   bsp_led.o
       156          6          0          0          0        591   main.o
      2448         58          0          0          0      10689   n32g430_gpio.o
        24          0          0          0          0       1211   n32g430_it.o
      1740         74         64          0          0      12886   n32g430_rcc.o
        36          8        276          0       5376       1000   startup_n32g430.o
       832         76         32          4          0     262248   system_n32g430.o

    ----------------------------------------------------------------------
      5636        248       4802          4       5380     322187   Object Totals
         0          0         32          0          0          0   (incl. Generated)
         0          0       4398          0          4          0   (incl. Padding)

    ----------------------------------------------------------------------

      Code (inc. data)   RO Data    RW Data    ZI Data      Debug   Library Member Name

         0          0          0          0          0          0   entry.o
         0          0          0          0          0          0   entry10a.o
         0          0          0          0          0          0   entry11a.o
         4          0          0          0          0          0   entry12b.o
         8          4          0          0          0          0   entry2.o
         4          0          0          0          0          0   entry5.o
         0          0          0          0          0          0   entry7b.o
         0          0          0          0          0          0   entry8b.o
         8          4          0          0          0          0   entry9a.o
        30          0          0          0          0          0   handlers.o
        36          8          0          0          0         68   init.o

    ----------------------------------------------------------------------
        90         16          0          0          0         68   Library Totals
         0          0          0          0          0          0   (incl. Padding)

    ----------------------------------------------------------------------

      Code (inc. data)   RO Data    RW Data    ZI Data      Debug   Library Name

        90         16          0          0          0         68   mc_w.l

    ----------------------------------------------------------------------
        90         16          0          0          0         68   Library Totals

    ----------------------------------------------------------------------

==============================================================================


      Code (inc. data)   RO Data    RW Data    ZI Data      Debug   

      5726        264       4802          4       5380     321659   Grand Totals
      5726        264       4802          4       5380     321659   ELF Image Totals
      5726        264       4802          4          0          0   ROM Totals

==============================================================================

    Total RO  Size (Code + RO Data)                10528 (  10.28kB)
    Total RW  Size (RW Data + ZI Data)              5384 (   5.26kB)
    Total ROM Size (Code + RO Data + RW Data)      10532 (  10.29kB)

==============================================================================

